Γû▓ Next.js 16.1.1 (Turbopack)

  Creating an optimized production build ...
bunx : 
At line:1 char:1
+ bunx next build > 
build_output.txt 2>&1
+ ~~~~~~~~~~~~~~~~~~~~~
~~~~~~~~~~~~~~~~~~
    + CategoryInfo     
         : NotSpecifi  
  ed: (:String) [],    
 RemoteException
    + FullyQualifiedEr 
   rorId : NativeComm  
  andError
 
> Build error occurred
Error: Turbopack build 
failed with 1 errors:
./app/components/Respon
sePanel.tsx:3:1
Module not found: 
Can't resolve 'react-sy
ntax-highlighter'
[0m [90m 1 |[39m 
[36mimport[39m { 
useState[33m,[39m 
useMemo } 
[36mfrom[39m [32m"re
act"[39m[33m;[39m
 [90m 2 |[39m 
[36mimport[39m { [33
mCosmoResponse[39m } 
[36mfrom[39m [32m"./
RequestEngine"[39m[33
m;[39m
[31m[1m>[22m[39m[9
0m 3 |[39m 
[36mimport[39m { 
[33mPrism[39m 
[36mas[39m [33mSynta
xHighlighter[39m } 
[36mfrom[39m [32m're
act-syntax-highlighter'
[39m[33m;[39m
 [90m   |[39m [31m[
1m^[22m[39m[31m[1m^
[22m[39m[31m[1m^[2
2m[39m[31m[1m^[22m
[39m[31m[1m^[22m[39
m[31m[1m^[22m[39m[
31m[1m^[22m[39m[31m
[1m^[22m[39m[31m[1
m^[22m[39m[31m[1m^
[22m[39m[31m[1m^[22
m[39m[31m[1m^[22m[
39m[31m[1m^[22m[39m
[31m[1m^[22m[39m[3
1m[1m^[22m[39m[31m
[1m^[22m[39m[31m[1m
^[22m[39m[31m[1m^[
22m[39m[31m[1m^[22m
[39m[31m[1m^[22m[3
9m[31m[1m^[22m[39m
[31m[1m^[22m[39m[31
m[1m^[22m[39m[31m[
1m^[22m[39m[31m[1m^
[22m[39m[31m[1m^[2
2m[39m[31m[1m^[22m
[39m[31m[1m^[22m[39
m[31m[1m^[22m[39m[
31m[1m^[22m[39m[31m
[1m^[22m[39m[31m[1
m^[22m[39m[31m[1m^
[22m[39m[31m[1m^[22
m[39m[31m[1m^[22m[
39m[31m[1m^[22m[39m
[31m[1m^[22m[39m[3
1m[1m^[22m[39m[31m
[1m^[22m[39m[31m[1m
^[22m[39m[31m[1m^[
22m[39m[31m[1m^[22m
[39m[31m[1m^[22m[3
9m[31m[1m^[22m[39m
[31m[1m^[22m[39m[31
m[1m^[22m[39m[31m[
1m^[22m[39m[31m[1m^
[22m[39m[31m[1m^[2
2m[39m[31m[1m^[22m
[39m[31m[1m^[22m[39
m[31m[1m^[22m[39m[
31m[1m^[22m[39m[31m
[1m^[22m[39m[31m[1
m^[22m[39m[31m[1m^
[22m[39m[31m[1m^[22
m[39m[31m[1m^[22m[
39m[31m[1m^[22m[39m
[31m[1m^[22m[39m[3
1m[1m^[22m[39m[31m
[1m^[22m[39m[31m[1m
^[22m[39m[31m[1m^[
22m[39m[31m[1m^[22m
[39m[31m[1m^[22m[3
9m[31m[1m^[22m[39m
[31m[1m^[22m[39m[31
m[1m^[22m[39m[31m[
1m^[22m[39m
 [90m 4 |[39m 
[36mimport[39m { 
useTheme } 
[36mfrom[39m [32m"./
ThemeContext"[39m[33m
;[39m
 [90m 5 |[39m
 [90m 6 |[39m 
[90m/**[39m[0m



Import traces:
  Client Component 
Browser:
    ./app/components/Re
sponsePanel.tsx 
[Client Component 
Browser]
    ./app/workspace/pag
e.tsx [Client 
Component Browser]
    ./app/workspace/pag
e.tsx [Server 
Component]

  Client Component SSR:
    ./app/components/Re
sponsePanel.tsx 
[Client Component SSR]
    ./app/workspace/pag
e.tsx [Client 
Component SSR]
    ./app/workspace/pag
e.tsx [Server 
Component]

https://nextjs.org/docs
/messages/module-not-fo
und


    at <unknown> (./app
/components/ResponsePan
el.tsx:3:1)
    at <unknown> (https
://nextjs.org/docs/mess
ages/module-not-found)
