app/components/Flows/FlowBlock.tsx(4,35): error TS2307: Cannot find module '@/app/lib/collections' or its corresponding type declarations.
app/components/Flows/FlowBlock.tsx(98,34): error TS2304: Cannot find name 'onDragStartAction'.
